version https://git-lfs.github.com/spec/v1
oid sha256:b3f6060416ad6166722bec586280c84fd32ecb4e0f2a0b3c76e38e27b3419be8
size 310890496
